app/components/bio/blog-post-popup.tsx(4,23): error TS2307: Cannot find module './icons' or its corresponding type declarations.
app/components/marketing/featured-section.tsx(2,33): error TS2307: Cannot find module './icons' or its corresponding type declarations.
app/components/marketing/features-section.tsx(3,26): error TS2307: Cannot find module './icons' or its corresponding type declarations.
app/components/marketing/footer-section.tsx(4,28): error TS2307: Cannot find module './icons' or its corresponding type declarations.
app/components/marketing/hero-section.tsx(4,53): error TS2307: Cannot find module './icons' or its corresponding type declarations.
